../Core/Src/main.c:126:7:my_ln	7
../Core/Src/main.c:156:7:my_log10	1
../Core/Src/main.c:160:7:my_pow	6
../Core/Src/main.c:181:5:ADC_to_PPM_Fixed	9
../Core/Src/main.c:212:9:Get_PPM_Level	4
../Core/Src/main.c:220:6:Update_LED_Smart	13
../Core/Src/main.c:276:6:delay_ms	3
../Core/Src/main.c:285:6:I2C1_Init	1
../Core/Src/main.c:302:6:I2C1_SendBytes	7
../Core/Src/main.c:322:6:LCD_SendCommand	1
../Core/Src/main.c:332:6:LCD_SendData	1
../Core/Src/main.c:342:6:LCD_SendString	2
../Core/Src/main.c:348:6:LCD_Init	1
../Core/Src/main.c:370:6:LCD_SetCursor	2
../Core/Src/main.c:376:6:LCD_Clear	1
../Core/Src/main.c:381:9:LCD_Should_Update	14
../Core/Src/main.c:433:6:LCD_Show_Stopped_Screen	2
../Core/Src/main.c:447:6:LCD_Update_Display	3
../Core/Src/main.c:486:6:SystemInit72MHz	4
../Core/Src/main.c:504:6:timer_init	1
../Core/Src/main.c:511:6:delay_us	2
../Core/Src/main.c:516:6:uart_init	1
../Core/Src/main.c:526:6:uart_send_text	4
../Core/Src/main.c:534:6:uart_send_bytes_sync	6
../Core/Src/main.c:552:6:send_text_message	1
../Core/Src/main.c:558:6:send_heartbeat_only	2
../Core/Src/main.c:565:10:calculate_crc16	4
../Core/Src/main.c:581:6:send_binary_packet_sync	1
../Core/Src/main.c:606:6:GPIO_Config	1
../Core/Src/main.c:624:6:ADC_Config	2
../Core/Src/main.c:643:10:Read_MQ2_Fast	3
../Core/Src/main.c:657:6:Update_Gas_Reading	2
../Core/Src/main.c:674:9:Read_Button_Fast	4
../Core/Src/main.c:686:9:Get_Gas_Level	1
../Core/Src/main.c:692:6:Set_RGB_LED	4
../Core/Src/main.c:700:6:Update_Relay_Smart	6
../Core/Src/main.c:730:5:main	21
