../Core/Src/main.c:126:7:my_ln	40	static
../Core/Src/main.c:156:7:my_log10	16	static
../Core/Src/main.c:160:7:my_pow	40	static
../Core/Src/main.c:181:5:ADC_to_PPM_Fixed	40	static
../Core/Src/main.c:212:9:Get_PPM_Level	16	static
../Core/Src/main.c:220:6:Update_LED_Smart	32	static
../Core/Src/main.c:276:6:delay_ms	24	static,ignoring_inline_asm
../Core/Src/main.c:285:6:I2C1_Init	4	static
../Core/Src/main.c:302:6:I2C1_SendBytes	24	static
../Core/Src/main.c:322:6:LCD_SendCommand	24	static
../Core/Src/main.c:332:6:LCD_SendData	24	static
../Core/Src/main.c:342:6:LCD_SendString	16	static
../Core/Src/main.c:348:6:LCD_Init	8	static
../Core/Src/main.c:370:6:LCD_SetCursor	24	static
../Core/Src/main.c:376:6:LCD_Clear	8	static
../Core/Src/main.c:381:9:LCD_Should_Update	96	static
../Core/Src/main.c:433:6:LCD_Show_Stopped_Screen	8	static
../Core/Src/main.c:447:6:LCD_Update_Display	208	static
../Core/Src/main.c:486:6:SystemInit72MHz	4	static
../Core/Src/main.c:504:6:timer_init	4	static
../Core/Src/main.c:511:6:delay_us	16	static
../Core/Src/main.c:516:6:uart_init	4	static
../Core/Src/main.c:526:6:uart_send_text	16	static
../Core/Src/main.c:534:6:uart_send_bytes_sync	24	static
../Core/Src/main.c:552:6:send_text_message	16	static
../Core/Src/main.c:558:6:send_heartbeat_only	88	static
../Core/Src/main.c:565:10:calculate_crc16	24	static
../Core/Src/main.c:581:6:send_binary_packet_sync	120	static
../Core/Src/main.c:606:6:GPIO_Config	4	static
../Core/Src/main.c:624:6:ADC_Config	8	static
../Core/Src/main.c:643:10:Read_MQ2_Fast	16	static
../Core/Src/main.c:657:6:Update_Gas_Reading	16	static
../Core/Src/main.c:674:9:Read_Button_Fast	16	static
../Core/Src/main.c:686:9:Get_Gas_Level	24	static
../Core/Src/main.c:692:6:Set_RGB_LED	16	static
../Core/Src/main.c:700:6:Update_Relay_Smart	88	static
../Core/Src/main.c:730:5:main	120	static
